###############################################################################
#
# IAR ELF Linker V9.10.2.313/W64 for ARM                  24/Jun/2021  20:50:17
# Copyright 2007-2021 IAR Systems AB.
#
#    Output file  =
#        C:\sofia\8periodo\sistemasEmbarcados\workspace\Laboratorio_01\TM4C1294_Bare_IAR9\Projects\Laboratório_01\Debug\Exe\Laboratório_01.out
#    Map file     =
#        C:\sofia\8periodo\sistemasEmbarcados\workspace\Laboratorio_01\TM4C1294_Bare_IAR9\Projects\Laboratório_01\Debug\List\Laboratório_01.map
#    Command line =
#        -f
#        C:\sofia\8periodo\sistemasEmbarcados\workspace\Laboratorio_01\TM4C1294_Bare_IAR9\Projects\Laboratório_01\Debug\Exe\Laboratório_01.out.rsp
#        (C:\sofia\8periodo\sistemasEmbarcados\workspace\Laboratorio_01\TM4C1294_Bare_IAR9\Projects\Laboratório_01\src\driverlib.a
#        C:\sofia\8periodo\sistemasEmbarcados\workspace\Laboratorio_01\TM4C1294_Bare_IAR9\Projects\Laboratório_01\Debug\Obj\main.o
#        C:\sofia\8periodo\sistemasEmbarcados\workspace\Laboratorio_01\TM4C1294_Bare_IAR9\Projects\Laboratório_01\Debug\Obj\startup_TM4C1294.o
#        C:\sofia\8periodo\sistemasEmbarcados\workspace\Laboratorio_01\TM4C1294_Bare_IAR9\Projects\Laboratório_01\Debug\Obj\system_TM4C1294_TW.o
#        --no_out_extension -o
#        C:\sofia\8periodo\sistemasEmbarcados\workspace\Laboratorio_01\TM4C1294_Bare_IAR9\Projects\Laboratório_01\Debug\Exe\Laboratório_01.out
#        --map
#        C:\sofia\8periodo\sistemasEmbarcados\workspace\Laboratorio_01\TM4C1294_Bare_IAR9\Projects\Laboratório_01\Debug\List\Laboratório_01.map
#        --config "C:\Program Files\IAR Systems\Embedded Workbench
#        9.0\arm\config\linker\TexasInstruments\TM4C1294NC.icf" --semihosting
#        --entry __iar_program_start --vfe --text_out locale)
#
###############################################################################

*******************************************************************************
*** RUNTIME MODEL ATTRIBUTES
***

CppFlavor       = *
__SystemLibrary = DLib
__dlib_version  = 6


*******************************************************************************
*** HEAP SELECTION
***

The basic heap was selected because some modules are built with
size limitations (and not runtime checking), and --advanced_heap
was not specified.


*******************************************************************************
*** PLACEMENT SUMMARY
***

"A0":  place at address 0x0 { ro section .intvec };
"P1":  place in [from 0x0 to 0xf'ffff] { ro };
define block CSTACK with size = 32K, alignment = 8 { };
define block HEAP with size = 64K, alignment = 8 { };
"P2":  place in [from 0x2000'0000 to 0x2003'ffff] {
          rw, block CSTACK, block HEAP };
initialize by copy { rw };

  Section            Kind         Address    Size  Object
  -------            ----         -------    ----  ------
"A0":                                       0x3c0
  .intvec            ro code          0x0   0x3c0  startup_TM4C1294.o [1]
                                  - 0x3c0   0x3c0

"P1":                                       0x868
  .text              ro code        0x3c0   0x2a0  sysctl.o [3]
  .rodata            const          0x660   0x1b0  sysctl.o [3]
  .text              ro code        0x810   0x16e  gpio.o [3]
  .text              ro code        0x97e    0x2a  copy_init3.o [4]
  .text              ro code        0x9a8    0xd0  main.o [1]
  .text              ro code        0xa78    0x28  systick.o [3]
  .rodata            const          0xaa0    0x6c  sysctl.o [3]
  .rodata            const          0xb0c    0x30  sysctl.o [3]
  .text              ro code        0xb3c    0x30  system_TM4C1294_TW.o [1]
  .text              ro code        0xb6c    0x28  data_init.o [4]
  .iar.init_table    const          0xb94    0x14  - Linker created -
  .text              ro code        0xba8    0x1e  cmain.o [4]
  .text              ro code        0xbc6     0x4  low_level_init.o [2]
  .text              ro code        0xbca     0x4  exit.o [2]
  .text              ro code        0xbce     0x2  startup_TM4C1294.o [1]
  .text              ro code        0xbd0     0xa  cexit.o [4]
  .text              ro code        0xbdc    0x14  exit.o [5]
  .text              ro code        0xbf0    0x1c  cstartup_M.o [4]
  .text              ro code        0xc0c    0x14  startup_TM4C1294.o [1]
  Initializer bytes  const          0xc20     0x8  <for P2-1>
  .rodata            const          0xc28     0x0  copy_init3.o [4]
                                  - 0xc28   0x868

"P2", part 1 of 2:                            0x8
  P2-1                        0x2000'0000     0x5  <Init block>
    .data            inited   0x2000'0000     0x4  main.o [1]
    .bss             inited   0x2000'0004     0x1  main.o [1]
                            - 0x2000'0005     0x5

"P2", part 2 of 2:                         0x8008
  .noinit            uninit   0x2000'0008     0x4  system_TM4C1294_TW.o [1]
  CSTACK                      0x2000'0010  0x8000  <Block>
    CSTACK           uninit   0x2000'0010  0x8000  <Block tail>
                            - 0x2000'8010  0x8008

Unused ranges:

         From           To      Size
         ----           --      ----
        0xc28     0xf'ffff  0xf'f3d8
  0x2000'8010  0x2003'ffff  0x3'7ff0


*******************************************************************************
*** INIT TABLE
***

          Address      Size
          -------      ----
Copy (__iar_copy_init3)
    1 source range, total size 0x8 (160% of destination):
                0xc20   0x8
    1 destination range, total size 0x5:
          0x2000'0000   0x5



*******************************************************************************
*** MODULE SUMMARY
***

    Module                ro code  ro data  rw data
    ------                -------  -------  -------
command line/config:
    -----------------------------------------------
    Total:

C:\sofia\8periodo\sistemasEmbarcados\workspace\Laboratorio_01\TM4C1294_Bare_IAR9\Projects\Laboratório_01\Debug\Obj: [1]
    main.o                    208        5        5
    startup_TM4C1294.o        982
    system_TM4C1294_TW.o       48                 4
    -----------------------------------------------
    Total:                  1'238        5        9

dl7M_tln.a: [2]
    exit.o                      4
    low_level_init.o            4
    -----------------------------------------------
    Total:                      8

driverlib.a: [3]
    gpio.o                    366
    sysctl.o                  672      588
    systick.o                  40
    -----------------------------------------------
    Total:                  1'078      588

rt7M_tl.a: [4]
    cexit.o                    10
    cmain.o                    30
    copy_init3.o               42
    cstartup_M.o               28
    data_init.o                40
    -----------------------------------------------
    Total:                    150

shb_l.a: [5]
    exit.o                     20
    -----------------------------------------------
    Total:                     20

    Gaps                        2
    Linker created                      23   32'768
---------------------------------------------------
    Grand Total:            2'496      616   32'777


*******************************************************************************
*** ENTRY LIST
***

Entry                       Address   Size  Type      Object
-----                       -------   ----  ----      ------
.iar.init_table$$Base         0xb94          --   Gb  - Linker created -
.iar.init_table$$Limit        0xba8          --   Gb  - Linker created -
?main                         0xba9         Code  Gb  cmain.o [4]
CSTACK$$Base            0x2000'0010          --   Gb  - Linker created -
CSTACK$$Limit           0x2000'8010          --   Gb  - Linker created -
GPIODirModeSet                0x811   0x28  Code  Gb  gpio.o [3]
GPIOPadConfigSet              0x839  0x102  Code  Gb  gpio.o [3]
GPIOPinTypeGPIOInput          0x947   0x14  Code  Gb  gpio.o [3]
GPIOPinTypeGPIOOutput         0x95b    0xa  Code  Gb  gpio.o [3]
GPIOPinWrite                  0x93b    0x8  Code  Gb  gpio.o [3]
LED_D4                  0x2000'0004    0x1  Data  Gb  main.o [1]
Region$$Table$$Base           0xb94          --   Gb  - Linker created -
Region$$Table$$Limit          0xba8          --   Gb  - Linker created -
SysCtlClockFreqSet            0x423  0x1fc  Code  Gb  sysctl.o [3]
SysCtlPeripheralEnable        0x405    0x8  Code  Gb  sysctl.o [3]
SysCtlPeripheralReady         0x3e3    0x8  Code  Gb  sysctl.o [3]
SysTickEnable                 0xa79    0xc  Code  Gb  systick.o [3]
SysTickIntEnable              0xa85    0xc  Code  Gb  systick.o [3]
SysTickPeriodSet              0xa91    0x8  Code  Gb  systick.o [3]
SysTick_Handler               0x9a9   0x1c  Code  Gb  main.o [1]
SystemCoreClock         0x2000'0008    0x4  Data  Gb  system_TM4C1294_TW.o [1]
SystemInit                    0xb3d   0x1c  Code  Gb  system_TM4C1294_TW.o [1]
_SysCtlMemTimingGet           0x3c1   0x22  Code  Lc  sysctl.o [3]
__Vectors                       0x0          --   Gb  startup_TM4C1294.o [1]
__Vectors_End                 0x3c0         Data  Gb  startup_TM4C1294.o [1]
__Vectors_Size {Abs}          0x3c0          --   Gb  startup_TM4C1294.o [1]
__cmain                       0xba9         Code  Gb  cmain.o [4]
__exit                        0xbdd   0x14  Code  Gb  exit.o [5]
__iar_copy_init3              0x97f   0x2a  Code  Gb  copy_init3.o [4]
__iar_data_init3              0xb6d   0x28  Code  Gb  data_init.o [4]
__iar_init_vfp                0xc15         Code  Wk  startup_TM4C1294.o [1]
__iar_program_start           0xbf1         Code  Gb  cstartup_M.o [4]
__low_level_init              0xbc7    0x4  Code  Gb  low_level_init.o [2]
__vector_table                  0x0         Data  Gb  startup_TM4C1294.o [1]
__vector_table_0x1c            0x1c         Data  Gb  startup_TM4C1294.o [1]
_call_main                    0xbb5         Code  Gb  cmain.o [4]
_exit                         0xbd1         Code  Gb  cexit.o [4]
exit                          0xbcb    0x4  Code  Gb  exit.o [2]
frequencia              0x2000'0000    0x4  Data  Gb  main.o [1]
g_pppui32XTALtoVCO            0x660  0x1b0  Data  Lc  sysctl.o [3]
g_pui32VCOFrequencies         0x658    0x8  Data  Lc  sysctl.o [3]
g_pui32Xtals                  0xaa0   0x6c  Data  Lc  sysctl.o [3]
g_sXTALtoMEMTIM               0xb0c   0x30  Data  Lc  sysctl.o [3]
main                          0x9c5   0x94  Code  Gb  main.o [1]


[1] = C:\sofia\8periodo\sistemasEmbarcados\workspace\Laboratorio_01\TM4C1294_Bare_IAR9\Projects\Laboratório_01\Debug\Obj
[2] = dl7M_tln.a
[3] = driverlib.a
[4] = rt7M_tl.a
[5] = shb_l.a

   2'496 bytes of readonly  code memory
     616 bytes of readonly  data memory
  32'777 bytes of readwrite data memory

Errors: none
Warnings: none
